2026-01-28 21:13:40,421 - Paper_Trading.alpaca_paper_trader - INFO - Initializing Alpaca Paper Trader
2026-01-28 21:13:40,427 - Paper_Trading.alpaca_paper_trader - INFO - Initialized with 1 pair(s)
2026-01-28 21:13:40,427 - Paper_Trading.alpaca_paper_trader - INFO - ================================================================================
2026-01-28 21:13:40,427 - Paper_Trading.alpaca_paper_trader - INFO - 🚀 DAILY PAPER TRADING UPDATE
2026-01-28 21:13:40,427 - Paper_Trading.alpaca_paper_trader - INFO - ================================================================================
2026-01-28 21:13:42,278 - Paper_Trading.alpaca_paper_trader - WARNING - ⚠️  Market is still open. Best to run after 4 PM ET.
2026-01-28 21:13:42,942 - Paper_Trading.alpaca_paper_trader - INFO - 
💰 Account Summary:
2026-01-28 21:13:42,942 - Paper_Trading.alpaca_paper_trader - INFO - Portfolio Value: $99,288.25
2026-01-28 21:13:42,942 - Paper_Trading.alpaca_paper_trader - INFO - Cash: $101,539.32
2026-01-28 21:13:42,942 - Paper_Trading.alpaca_paper_trader - INFO - Buying Power: $110,789.93
2026-01-28 21:13:42,942 - Paper_Trading.alpaca_paper_trader - INFO - Total Return: -0.71%
2026-01-28 21:13:42,942 - Paper_Trading.alpaca_paper_trader - INFO - 
Processing SO_SRE...
2026-01-28 21:13:42,942 - Paper_Trading.alpaca_paper_trader - INFO - Calculating signals for SO_SRE (SO/SRE)
2026-01-28 21:13:57,321 - Paper_Trading.alpaca_paper_trader - ERROR - Error calculating signals for SO_SRE: No module named 'ultra_conservative_strategy'
2026-01-28 21:13:57,322 - Paper_Trading.alpaca_paper_trader - WARNING - ⚠️  Skipping SO_SRE - signal calculation failed
2026-01-28 21:13:57,322 - Paper_Trading.alpaca_paper_trader - INFO - 
================================================================================
2026-01-28 21:13:57,322 - Paper_Trading.alpaca_paper_trader - INFO - ✅ Update complete! Processed 0/1 pair(s)
2026-01-28 21:13:57,322 - Paper_Trading.alpaca_paper_trader - INFO - ================================================================================

2026-01-28 21:13:57,322 - Paper_Trading.alpaca_paper_trader - INFO - No trades logged yet
